<html>
<body>
<pre>
<h1>µVision Build Log</h1>
<h2>Project:</h2>
C:\Users\lab\Documents\EmbeddedSystems\Tuesday\DES_SoC_Holmes\Software\DES_M0_SoC.uvproj
Project File Date:  04/11/2023

<h2>Output:</h2>
Build target 'Target 1'
linking...
Program Size: Code=2368 RO-data=160 RW-data=24 ZI-data=2248  
FromELF: creating hex file...
After Build - User command #1: fromelf .\temp_files\DES_M0_SoC.axf --vhx --32x1 -o ROMcode.txt
After Build - User command #2: fromelf -cvf .\temp_files\DES_M0_SoC.axf -o .\temp_files\disasm.txt
".\temp_files\DES_M0_SoC.axf" - 0 Error(s), 0 Warning(s).
</pre>
</body>
</html>
oC.axf" - 0 Error(s), 0 Warning(s).
 never referenced
        uint8  hold_counter;
main.c: 3 warnings, 0 errors
linking...
Program Size: Code=2368 RO-data=160 RW-data=24 ZI-data=2248  
FromELF: creating hex file...
After Build - User command #1: fromelf .\temp_files\DES_M0_SoC.axf --vhx --32x1 -o ROMcode.txt
After Build - User command #2: fromelf -cvf .\temp_files\DES_M0_SoC.axf -o .\temp_files\disasm.txt
".\temp_files\DES_M0_SoC.axf" - 0 Error(s), 3 Warning(s).
